// Jest Snapshot v1, https://goo.gl/fbAQLP

exports[`Product Display Snapshot Testing Footer 1`] = `
<DocumentFragment>
  <div
    class="main"
  >
    <div
      class="card"
    >
      <img
        alt="3M 9004IN Particle Respirator Mask"
        src="https://i.ibb.co/8BJhgK2/r6xkegcloxgn5eq8owwg.jpg"
      />
      <div>
        <h3>
          3M 9004IN Particle Respirator Mask
        </h3>
        <h3>
          box of 10 masks
        </h3>
        <h3>
          Rs. 180
        </h3>
        <h3>
          Respiratory Care
        </h3>
      </div>
    </div>
    <div
      class="card"
    >
      <img
        alt="Vogmask Vector Havoc N99CV Mask Large"
        src="https://i.ibb.co/fHQ8JY4/kclatp7d9dt0dwgu4zkq.jpg"
      />
      <div>
        <h3>
          Vogmask Vector Havoc N99CV Mask Large
        </h3>
        <h3>
          box of 10 masks
        </h3>
        <h3>
          Rs. 200
        </h3>
        <h3>
          Respiratory Care
        </h3>
      </div>
    </div>
  </div>
</DocumentFragment>
`;
